<html>
<body>
<pre>
<h1>礦ision Build Log</h1>
<h2>Tool Versions:</h2>
IDE-Version: μVision V5.24.2.0
Copyright (C) 2017 ARM Ltd and ARM Germany GmbH. All rights reserved.
License Information: A Admin, A, LIC=KRMW3-AUVUM-RAIDM-XY282-K9DMQ-C0G0J
 
Tool Versions:
Toolchain:       MDK-ARM Plus  Version: 5.24.1
Toolchain Path:  D:\Keil5\ARM\ARMCC\Bin
C Compiler:      Armcc.exe V5.06 update 5 (build 528)
Assembler:       Armasm.exe V5.06 update 5 (build 528)
Linker/Locator:  ArmLink.exe V5.06 update 5 (build 528)
Library Manager: ArmAr.exe V5.06 update 5 (build 528)
Hex Converter:   FromElf.exe V5.06 update 5 (build 528)
CPU DLL:         SARMCM3.DLL V5.24.1
Dialog DLL:      DCM.DLL V1.16.0.0
Target DLL:      CMSIS_AGDI.dll V1.28.3.0
Dialog DLL:      TCM.DLL V1.32.0.0
 
<h2>Project:</h2>
C:\Users\yy188\Documents\手机的摄像头或者电脑的摄像头与普中103进行通信识别\21-内部温度传感器实验\32-FSMC-TFTLCD摄像头显示实验\Template.uvprojx
Project File Date:  05/23/2026

<h2>Output:</h2>
*** Using Compiler 'V5.06 update 5 (build 528)', folder: 'D:\Keil5\ARM\ARMCC\Bin'
Rebuild target 'Target 1'
assembling startup_stm32f103xe.s...
compiling stm32f1xx_hal_gpio_ex.c...
compiling stm32f1xx_hal_dac_ex.c...
compiling stm32f1xx_hal_wwdg.c...
compiling stm32f1xx_it.c...
compiling stm32f1xx_hal_cortex.c...
compiling system_stm32f1xx.c...
compiling stm32f1xx_hal.c...
compiling stm32f1xx_hal_exti.c...
compiling stm32f1xx_hal_iwdg.c...
compiling stm32f1xx_hal_pwr.c...
compiling stm32f1xx_hal_gpio.c...
compiling stm32f1xx_hal_rcc_ex.c...
compiling main.c...
compiling stm32f1xx_hal_dac.c...
compiling stm32f1xx_hal_usart.c...
compiling stm32f1xx_hal_adc_ex.c...
compiling stm32f1xx_hal_tim_ex.c...
compiling stm32f1xx_hal_dma.c...
compiling stm32f1xx_hal_uart.c...
compiling stm32f1xx_hal_adc.c...
compiling stm32f1xx_hal_rcc.c...
compiling stm32f1xx_hal_rtc.c...
compiling stm32f1xx_hal_tim.c...
compiling stm32f1xx_ll_fsmc.c...
compiling stm32f1xx_hal_rtc_ex.c...
compiling stm32f1xx_hal_sram.c...
compiling stm32f1xx_hal_can.c...
compiling led.c...
compiling system.c...
compiling SysTick.c...
compiling usart.c...
compiling tftlcd.c...
APP\tftlcd\tftlcd.c(1116): warning:  #177-D: variable "g"  was declared but never referenced
   	u16 r=0,g=0,b=0;
APP\tftlcd\tftlcd.c(1116): warning:  #177-D: variable "b"  was declared but never referenced
   	u16 r=0,g=0,b=0;
APP\tftlcd\tftlcd.c(1117): warning:  #177-D: variable "r1"  was declared but never referenced
  	u16 r1,r2,r3;
APP\tftlcd\tftlcd.c(1117): warning:  #177-D: variable "r2"  was declared but never referenced
  	u16 r1,r2,r3;
APP\tftlcd\tftlcd.c(1117): warning:  #177-D: variable "r3"  was declared but never referenced
  	u16 r1,r2,r3;
APP\tftlcd\tftlcd.c(1118): warning:  #177-D: variable "value"  was declared but never referenced
  	u32 value;
APP\tftlcd\tftlcd.c(4236): warning:  #550-D: variable "num"  was set but never used
  	long tmp=0,num=0;
APP\tftlcd\tftlcd.c: 7 warnings, 0 errors
linking...
Program Size: Code=9404 RO-data=19072 RW-data=40 ZI-data=1360  
FromELF: creating hex file...
".\Obj\Template.axf" - 0 Error(s), 7 Warning(s).

<h2>Software Packages used:</h2>

Package Vendor: Keil
                http://www.keil.com/pack/Keil.STM32F1xx_DFP.2.2.0.pack
                Keil.STM32F1xx_DFP.2.2.0
                STMicroelectronics STM32F1 Series Device Support, Drivers and Examples

<h2>Collection of Component include folders:</h2>
  .\RTE\_Target_1
  D:\Keil5\ARM\PACK\Keil\STM32F1xx_DFP\2.2.0\Device\Include

<h2>Collection of Component Files used:</h2>
Build Time Elapsed:  00:00:03
</pre>
</body>
</html>
